// Jest Snapshot v1, https://goo.gl/fbAQLP

exports[`<Container /> Snapshot principal 1`] = `
<div
  aria-label="imagenes"
  class="row"
/>
`;
