// Jest Snapshot v1, https://goo.gl/fbAQLP

exports[`<Container /> Snapshot principal 1`] = `
<div
  aria-label="container"
  class="container border my-3"
>
  <div
    class="text-center"
  >
    <form>
      <label
        class="w-75"
      >
         
        Buscar: 
        <input
          class="w-100"
          name="inputText"
          type="text"
        />
         
      </label>
      <button
        class="btn btn-warning m-2"
        type="submit"
      >
        <span
          class="material-icons"
        >
          search
        </span>
      </button>
    </form>
    <hr />
    <div
      class="spinner-border text-info"
      role="status"
    >
      <span
        class="visually-hidden"
      >
        Loading...
      </span>
    </div>
    <div
      aria-label="imagenes"
      class="row"
    />
  </div>
</div>
`;
